
> site@0.0.0 build
> docusaurus build

[WARNING] The `siteConfig.onBrokenMarkdownLinks` config option is deprecated and will be removed in Docusaurus v4.
Please migrate and move this option to `siteConfig.markdown.hooks.onBrokenMarkdownLinks` instead.
[INFO] [en] Creating an optimized production build...
[WARNING] The `siteConfig.onBrokenMarkdownLinks` config option is deprecated and will be removed in Docusaurus v4.
Please migrate and move this option to `siteConfig.markdown.hooks.onBrokenMarkdownLinks` instead.
[WARNING] Duplicate routes found!
- Attempting to create page at /ai-engineering-journey/ai-engineering-placement, but a page already exists at this route.
- Attempting to create page at /ai-engineering-journey/ai-engineering-placement, but a page already exists at this route.
- Attempting to create page at /ai-engineering-journey/ai-engineering-placement, but a page already exists at this route.
- Attempting to create page at /ai-engineering-journey/ai-engineering-placement, but a page already exists at this route.
- Attempting to create page at /ai-engineering-journey/ai-engineering-placement, but a page already exists at this route.
- Attempting to create page at /ai-engineering-journey/ai-engineering-placement, but a page already exists at this route.
- Attempting to create page at /ai-engineering-journey/ai-engineering-placement, but a page already exists at this route.
- Attempting to create page at /ai-engineering-journey/ai-engineering-placement, but a page already exists at this route.
- Attempting to create page at /ai-engineering-journey/ai-engineering-placement, but a page already exists at this route.
- Attempting to create page at /ai-engineering-journey/ai-engineering-placement, but a page already exists at this route.
- Attempting to create page at /ai-engineering-journey/ai-engineering-placement, but a page already exists at this route.
- Attempting to create page at /ai-engineering-journey/ai-engineering-placement, but a page already exists at this route.
- Attempting to create page at /ai-engineering-journey/ai-engineering-placement, but a page already exists at this route.
- Attempting to create page at /ai-engineering-journey/ai-engineering-placement, but a page already exists at this route.
- Attempting to create page at /ai-engineering-journey/ai-engineering-placement, but a page already exists at this route.
- Attempting to create page at /ai-engineering-journey/ai-engineering-placement, but a page already exists at this route.
- Attempting to create page at /ai-engineering-journey/ai-engineering-placement, but a page already exists at this route.
- Attempting to create page at /ai-engineering-journey/ai-engineering-placement, but a page already exists at this route.
- Attempting to create page at /ai-engineering-journey/ai-engineering-placement, but a page already exists at this route.
- Attempting to create page at /ai-engineering-journey/ai-engineering-placement, but a page already exists at this route.
- Attempting to create page at /ai-engineering-journey/ai-engineering-placement, but a page already exists at this route.
- Attempting to create page at /ai-engineering-journey/ai-engineering-placement, but a page already exists at this route.
- Attempting to create page at /ai-engineering-journey/ai-engineering-placement, but a page already exists at this route.
- Attempting to create page at /ai-engineering-journey/ai-engineering-placement, but a page already exists at this route.
- Attempting to create page at /ai-engineering-journey/ai-engineering-placement, but a page already exists at this route.
- Attempting to create page at /ai-engineering-journey/ai-engineering-placement, but a page already exists at this route.
- Attempting to create page at /ai-engineering-journey/ai-engineering-placement, but a page already exists at this route.
- Attempting to create page at /ai-engineering-journey/ai-engineering-placement, but a page already exists at this route.
- Attempting to create page at /ai-engineering-journey/ai-engineering-placement, but a page already exists at this route.
- Attempting to create page at /ai-engineering-journey/ai-engineering-placement, but a page already exists at this route.
- Attempting to create page at /ai-engineering-journey/ai-engineering-placement, but a page already exists at this route.
- Attempting to create page at /ai-engineering-journey/ai-engineering-placement, but a page already exists at this route.
- Attempting to create page at /ai-engineering-journey/ai-engineering-placement, but a page already exists at this route.
- Attempting to create page at /ai-engineering-journey/, but a page already exists at this route.
This could lead to non-deterministic routing behavior.
[90m[[90mwebpackbar[90m][39m [36mℹ[39m Compiling Client
[90m[[90mwebpackbar[90m][39m [36mℹ[39m Compiling Server
[90m[[90mwebpackbar[90m][39m [32m✔[39m Server: Compiled successfully in 2.54m
[90m[[90mwebpackbar[90m][39m [32m✔[39m Client: Compiled successfully in 2.64m

[ERROR] Error: Unable to build website for locale en.
    at tryToBuildLocale (C:\xampp\htdocs\ai-engineering-journey\site\node_modules\@docusaurus\core\lib\commands\build\build.js:76:15)
    at async C:\xampp\htdocs\ai-engineering-journey\site\node_modules\@docusaurus\core\lib\commands\build\build.js:34:9
    at async mapAsyncSequential (C:\xampp\htdocs\ai-engineering-journey\site\node_modules\@docusaurus\utils\lib\jsUtils.js:21:24)
    at async Command.build (C:\xampp\htdocs\ai-engineering-journey\site\node_modules\@docusaurus\core\lib\commands\build\build.js:33:5)
    at async Promise.all (index 0)
    at async runCLI (C:\xampp\htdocs\ai-engineering-journey\site\node_modules\@docusaurus\core\lib\commands\cli.js:56:5)
    at async file:///C:/xampp/htdocs/ai-engineering-journey/site/node_modules/@docusaurus/core/bin/docusaurus.mjs:44:3 {
  [cause]: Error: Docusaurus static site generation failed for 10 paths:
  - "/ai-engineering-journey/10-nlp/word-embeddings"
  - "/ai-engineering-journey/15-evaluation/evaluation-datasets"
  - "/ai-engineering-journey/15-evaluation/observability-tools"
  - "/ai-engineering-journey/18-multimodal/object-detection"
  - "/ai-engineering-journey/19-capstone/enterprise-rag-platform"
  - "/ai-engineering-journey/ai-engineering-placement/10-nlp-transformers/02-word-embeddings"
  - "/ai-engineering-journey/ai-engineering-placement/15-ai-evaluation-observability/03-evaluation-datasets"
  - "/ai-engineering-journey/ai-engineering-placement/15-ai-evaluation-observability/04-observability-tools"
  - "/ai-engineering-journey/ai-engineering-placement/18-multimodal-ai-voice/02-object-detection"
  - "/ai-engineering-journey/ai-engineering-placement/19-capstone-projects/03-enterprise-rag-platform"
      at throwSSGError (C:\xampp\htdocs\ai-engineering-journey\site\node_modules\@docusaurus\core\lib\ssg\ssgGlobalResult.js:56:11)
      at createGlobalSSGResult (C:\xampp\htdocs\ai-engineering-journey\site\node_modules\@docusaurus\core\lib\ssg\ssgGlobalResult.js:66:9)
      ... 7 lines matching cause stack trace ...
      at async mapAsyncSequential (C:\xampp\htdocs\ai-engineering-journey\site\node_modules\@docusaurus\utils\lib\jsUtils.js:21:24) {
    [cause]: AggregateError
        at throwSSGError (C:\xampp\htdocs\ai-engineering-journey\site\node_modules\@docusaurus\core\lib\ssg\ssgGlobalResult.js:57:16)
        at createGlobalSSGResult (C:\xampp\htdocs\ai-engineering-journey\site\node_modules\@docusaurus\core\lib\ssg\ssgGlobalResult.js:66:9)
        at C:\xampp\htdocs\ai-engineering-journey\site\node_modules\@docusaurus\core\lib\ssg\ssgExecutor.js:30:68
        at async executeSSG (C:\xampp\htdocs\ai-engineering-journey\site\node_modules\@docusaurus\core\lib\ssg\ssgExecutor.js:143:20)
        at async buildLocale (C:\xampp\htdocs\ai-engineering-journey\site\node_modules\@docusaurus\core\lib\commands\build\buildLocale.js:88:31)
        at async runBuildLocaleTask (C:\xampp\htdocs\ai-engineering-journey\site\node_modules\@docusaurus\core\lib\commands\build\build.js:91:5)
        at async C:\xampp\htdocs\ai-engineering-journey\site\node_modules\@docusaurus\core\lib\commands\build\build.js:72:13
        at async tryToBuildLocale (C:\xampp\htdocs\ai-engineering-journey\site\node_modules\@docusaurus\core\lib\commands\build\build.js:68:9)
        at async C:\xampp\htdocs\ai-engineering-journey\site\node_modules\@docusaurus\core\lib\commands\build\build.js:34:9
        at async mapAsyncSequential (C:\xampp\htdocs\ai-engineering-journey\site\node_modules\@docusaurus\utils\lib\jsUtils.js:21:24) {
      [errors]: [
        Error: Can't render static file for pathname "/ai-engineering-journey/10-nlp/word-embeddings"
            at generateStaticFile (C:\xampp\htdocs\ai-engineering-journey\site\node_modules\@docusaurus\core\lib\ssg\ssgRenderer.js:131:20)
            at async C:\xampp\htdocs\ai-engineering-journey\site\node_modules\p-map\index.js:57:22 {
          [cause]: Error: Invalid tag: un",
              at startChunkForTag (server.bundle.js:3060994:43)
              at pushStartGenericElement (server.bundle.js:3060964:15)
              at pushStartInstance (server.bundle.js:3062035:10)
              at renderElement (server.bundle.js:3064550:22)
              at retryNode (server.bundle.js:3065245:16)
              at renderNodeDestructive (server.bundle.js:3065039:7)
              at renderNode (server.bundle.js:3065606:14)
              at renderChildrenArray (server.bundle.js:3065388:7)
              at retryNode (server.bundle.js:3065259:9)
              at renderNodeDestructive (server.bundle.js:3065039:7)
        },
        Error: Can't render static file for pathname "/ai-engineering-journey/15-evaluation/evaluation-datasets"
            at generateStaticFile (C:\xampp\htdocs\ai-engineering-journey\site\node_modules\@docusaurus\core\lib\ssg\ssgRenderer.js:131:20)
            at async C:\xampp\htdocs\ai-engineering-journey\site\node_modules\p-map\index.js:57:22 {
          [cause]: Error: Invalid tag: string,
              at startChunkForTag (server.bundle.js:3060994:43)
              at pushStartGenericElement (server.bundle.js:3060964:15)
              at pushStartInstance (server.bundle.js:3062035:10)
              at renderElement (server.bundle.js:3064550:22)
              at retryNode (server.bundle.js:3065245:16)
              at renderNodeDestructive (server.bundle.js:3065039:7)
              at renderNode (server.bundle.js:3065606:14)
              at renderChildrenArray (server.bundle.js:3065388:7)
              at retryNode (server.bundle.js:3065259:9)
              at renderNodeDestructive (server.bundle.js:3065039:7)
        },
        Error: Can't render static file for pathname "/ai-engineering-journey/15-evaluation/observability-tools"
            at generateStaticFile (C:\xampp\htdocs\ai-engineering-journey\site\node_modules\@docusaurus\core\lib\ssg\ssgRenderer.js:131:20)
            at async C:\xampp\htdocs\ai-engineering-journey\site\node_modules\p-map\index.js:57:22 {
          [cause]: Error: Invalid tag: string,
              at startChunkForTag (server.bundle.js:3060994:43)
              at pushStartGenericElement (server.bundle.js:3060964:15)
              at pushStartInstance (server.bundle.js:3062035:10)
              at renderElement (server.bundle.js:3064550:22)
              at retryNode (server.bundle.js:3065245:16)
              at renderNodeDestructive (server.bundle.js:3065039:7)
              at renderNode (server.bundle.js:3065606:14)
              at renderChildrenArray (server.bundle.js:3065388:7)
              at retryNode (server.bundle.js:3065259:9)
              at renderNodeDestructive (server.bundle.js:3065039:7)
        },
        Error: Can't render static file for pathname "/ai-engineering-journey/18-multimodal/object-detection"
            at generateStaticFile (C:\xampp\htdocs\ai-engineering-journey\site\node_modules\@docusaurus\core\lib\ssg\ssgRenderer.js:131:20)
            at async C:\xampp\htdocs\ai-engineering-journey\site\node_modules\p-map\index.js:57:22 {
          [cause]: Error: Invalid tag: number,
              at startChunkForTag (server.bundle.js:3060994:43)
              at pushStartGenericElement (server.bundle.js:3060964:15)
              at pushStartInstance (server.bundle.js:3062035:10)
              at renderElement (server.bundle.js:3064550:22)
              at retryNode (server.bundle.js:3065245:16)
              at renderNodeDestructive (server.bundle.js:3065039:7)
              at renderNode (server.bundle.js:3065606:14)
              at renderChildrenArray (server.bundle.js:3065388:7)
              at retryNode (server.bundle.js:3065259:9)
              at renderNodeDestructive (server.bundle.js:3065039:7)
        },
        Error: Can't render static file for pathname "/ai-engineering-journey/19-capstone/enterprise-rag-platform"
            at generateStaticFile (C:\xampp\htdocs\ai-engineering-journey\site\node_modules\@docusaurus\core\lib\ssg\ssgRenderer.js:131:20)
            at async C:\xampp\htdocs\ai-engineering-journey\site\node_modules\p-map\index.js:57:22 {
          [cause]: Error: Invalid tag: string,
              at startChunkForTag (server.bundle.js:3060994:43)
              at pushStartGenericElement (server.bundle.js:3060964:15)
              at pushStartInstance (server.bundle.js:3062035:10)
              at renderElement (server.bundle.js:3064550:22)
              at retryNode (server.bundle.js:3065245:16)
              at renderNodeDestructive (server.bundle.js:3065039:7)
              at renderNode (server.bundle.js:3065606:14)
              at renderChildrenArray (server.bundle.js:3065388:7)
              at retryNode (server.bundle.js:3065259:9)
              at renderNodeDestructive (server.bundle.js:3065039:7)
        },
        Error: Can't render static file for pathname "/ai-engineering-journey/ai-engineering-placement/10-nlp-transformers/02-word-embeddings"
            at generateStaticFile (C:\xampp\htdocs\ai-engineering-journey\site\node_modules\@docusaurus\core\lib\ssg\ssgRenderer.js:131:20)
            at async C:\xampp\htdocs\ai-engineering-journey\site\node_modules\p-map\index.js:57:22 {
          [cause]: Error: Invalid tag: un",
              at startChunkForTag (server.bundle.js:3060994:43)
              at pushStartGenericElement (server.bundle.js:3060964:15)
              at pushStartInstance (server.bundle.js:3062035:10)
              at renderElement (server.bundle.js:3064550:22)
              at retryNode (server.bundle.js:3065245:16)
              at renderNodeDestructive (server.bundle.js:3065039:7)
              at renderNode (server.bundle.js:3065606:14)
              at renderChildrenArray (server.bundle.js:3065388:7)
              at retryNode (server.bundle.js:3065259:9)
              at renderNodeDestructive (server.bundle.js:3065039:7)
        },
        Error: Can't render static file for pathname "/ai-engineering-journey/ai-engineering-placement/15-ai-evaluation-observability/03-evaluation-datasets"
            at generateStaticFile (C:\xampp\htdocs\ai-engineering-journey\site\node_modules\@docusaurus\core\lib\ssg\ssgRenderer.js:131:20)
            at async C:\xampp\htdocs\ai-engineering-journey\site\node_modules\p-map\index.js:57:22 {
          [cause]: Error: Invalid tag: string,
              at startChunkForTag (server.bundle.js:3060994:43)
              at pushStartGenericElement (server.bundle.js:3060964:15)
              at pushStartInstance (server.bundle.js:3062035:10)
              at renderElement (server.bundle.js:3064550:22)
              at retryNode (server.bundle.js:3065245:16)
              at renderNodeDestructive (server.bundle.js:3065039:7)
              at renderNode (server.bundle.js:3065606:14)
              at renderChildrenArray (server.bundle.js:3065388:7)
              at retryNode (server.bundle.js:3065259:9)
              at renderNodeDestructive (server.bundle.js:3065039:7)
        },
        Error: Can't render static file for pathname "/ai-engineering-journey/ai-engineering-placement/15-ai-evaluation-observability/04-observability-tools"
            at generateStaticFile (C:\xampp\htdocs\ai-engineering-journey\site\node_modules\@docusaurus\core\lib\ssg\ssgRenderer.js:131:20)
            at async C:\xampp\htdocs\ai-engineering-journey\site\node_modules\p-map\index.js:57:22 {
          [cause]: Error: Invalid tag: string,
              at startChunkForTag (server.bundle.js:3060994:43)
              at pushStartGenericElement (server.bundle.js:3060964:15)
              at pushStartInstance (server.bundle.js:3062035:10)
              at renderElement (server.bundle.js:3064550:22)
              at retryNode (server.bundle.js:3065245:16)
              at renderNodeDestructive (server.bundle.js:3065039:7)
              at renderNode (server.bundle.js:3065606:14)
              at renderChildrenArray (server.bundle.js:3065388:7)
              at retryNode (server.bundle.js:3065259:9)
              at renderNodeDestructive (server.bundle.js:3065039:7)
        },
        Error: Can't render static file for pathname "/ai-engineering-journey/ai-engineering-placement/18-multimodal-ai-voice/02-object-detection"
            at generateStaticFile (C:\xampp\htdocs\ai-engineering-journey\site\node_modules\@docusaurus\core\lib\ssg\ssgRenderer.js:131:20)
            at async C:\xampp\htdocs\ai-engineering-journey\site\node_modules\p-map\index.js:57:22 {
          [cause]: Error: Invalid tag: number,
              at startChunkForTag (server.bundle.js:3060994:43)
              at pushStartGenericElement (server.bundle.js:3060964:15)
              at pushStartInstance (server.bundle.js:3062035:10)
              at renderElement (server.bundle.js:3064550:22)
              at retryNode (server.bundle.js:3065245:16)
              at renderNodeDestructive (server.bundle.js:3065039:7)
              at renderNode (server.bundle.js:3065606:14)
              at renderChildrenArray (server.bundle.js:3065388:7)
              at retryNode (server.bundle.js:3065259:9)
              at renderNodeDestructive (server.bundle.js:3065039:7)
        },
        Error: Can't render static file for pathname "/ai-engineering-journey/ai-engineering-placement/19-capstone-projects/03-enterprise-rag-platform"
            at generateStaticFile (C:\xampp\htdocs\ai-engineering-journey\site\node_modules\@docusaurus\core\lib\ssg\ssgRenderer.js:131:20)
            at async C:\xampp\htdocs\ai-engineering-journey\site\node_modules\p-map\index.js:57:22 {
          [cause]: Error: Invalid tag: string,
              at startChunkForTag (server.bundle.js:3060994:43)
              at pushStartGenericElement (server.bundle.js:3060964:15)
              at pushStartInstance (server.bundle.js:3062035:10)
              at renderElement (server.bundle.js:3064550:22)
              at retryNode (server.bundle.js:3065245:16)
              at renderNodeDestructive (server.bundle.js:3065039:7)
              at renderNode (server.bundle.js:3065606:14)
              at renderChildrenArray (server.bundle.js:3065388:7)
              at retryNode (server.bundle.js:3065259:9)
              at renderNodeDestructive (server.bundle.js:3065039:7)
        }
      ]
    }
  }
}
[INFO] Docusaurus version: 3.10.2
Node version: v24.18.0
